---
source: src/mesh/smoothing.rs
expression: "&relaxed_mesh"
---
{
  "faces": [
    {
      "Triangle": {
        "vertices": [
          0,
          4,
          3
        ],
        "normals": [
          0,
          0,
          0
        ]
      }
    },
    {
      "Triangle": {
        "vertices": [
          0,
          9,
          1
        ],
        "normals": [
          1,
          1,
          1
        ]
      }
    },
    {
      "Triangle": {
        "vertices": [
          1,
          3,
          2
        ],
        "normals": [
          2,
          2,
          2
        ]
      }
    },
    {
      "Triangle": {
        "vertices": [
          5,
          9,
          7
        ],
        "normals": [
          3,
          3,
          3
        ]
      }
    },
    {
      "Triangle": {
        "vertices": [
          5,
          6,
          9
        ],
        "normals": [
          4,
          4,
          4
        ]
      }
    },
    {
      "Triangle": {
        "vertices": [
          6,
          7,
          18
        ],
        "normals": [
          5,
          5,
          5
        ]
      }
    },
    {
      "Triangle": {
        "vertices": [
          0,
          15,
          4
        ],
        "normals": [
          6,
          6,
          6
        ]
      }
    },
    {
      "Triangle": {
        "vertices": [
          3,
          15,
          9
        ],
        "normals": [
          7,
          7,
          7
        ]
      }
    },
    {
      "Triangle": {
        "vertices": [
          1,
          11,
          10
        ],
        "normals": [
          8,
          8,
          8
        ]
      }
    },
    {
      "Triangle": {
        "vertices": [
          11,
          18,
          12
        ],
        "normals": [
          9,
          9,
          9
        ]
      }
    },
    {
      "Triangle": {
        "vertices": [
          1,
          13,
          12
        ],
        "normals": [
          10,
          10,
          10
        ]
      }
    },
    {
      "Triangle": {
        "vertices": [
          2,
          15,
          14
        ],
        "normals": [
          11,
          11,
          11
        ]
      }
    },
    {
      "Triangle": {
        "vertices": [
          1,
          14,
          15
        ],
        "normals": [
          12,
          12,
          12
        ]
      }
    },
    {
      "Triangle": {
        "vertices": [
          0,
          2,
          8
        ],
        "normals": [
          13,
          13,
          13
        ]
      }
    },
    {
      "Triangle": {
        "vertices": [
          6,
          8,
          14
        ],
        "normals": [
          14,
          14,
          14
        ]
      }
    },
    {
      "Triangle": {
        "vertices": [
          10,
          16,
          13
        ],
        "normals": [
          15,
          15,
          15
        ]
      }
    },
    {
      "Triangle": {
        "vertices": [
          1,
          12,
          16
        ],
        "normals": [
          16,
          16,
          16
        ]
      }
    },
    {
      "Triangle": {
        "vertices": [
          7,
          17,
          8
        ],
        "normals": [
          17,
          17,
          17
        ]
      }
    },
    {
      "Triangle": {
        "vertices": [
          8,
          18,
          9
        ],
        "normals": [
          18,
          18,
          18
        ]
      }
    },
    {
      "Triangle": {
        "vertices": [
          6,
          14,
          17
        ],
        "normals": [
          19,
          19,
          19
        ]
      }
    },
    {
      "Triangle": {
        "vertices": [
          11,
          16,
          17
        ],
        "normals": [
          20,
          20,
          20
        ]
      }
    },
    {
      "Triangle": {
        "vertices": [
          16,
          18,
          17
        ],
        "normals": [
          21,
          21,
          21
        ]
      }
    },
    {
      "Triangle": {
        "vertices": [
          10,
          17,
          14
        ],
        "normals": [
          22,
          22,
          22
        ]
      }
    },
    {
      "Triangle": {
        "vertices": [
          0,
          3,
          9
        ],
        "normals": [
          23,
          23,
          23
        ]
      }
    },
    {
      "Triangle": {
        "vertices": [
          0,
          1,
          2
        ],
        "normals": [
          24,
          24,
          24
        ]
      }
    },
    {
      "Triangle": {
        "vertices": [
          2,
          3,
          4
        ],
        "normals": [
          25,
          25,
          25
        ]
      }
    },
    {
      "Triangle": {
        "vertices": [
          7,
          9,
          18
        ],
        "normals": [
          26,
          26,
          26
        ]
      }
    },
    {
      "Triangle": {
        "vertices": [
          1,
          9,
          6
        ],
        "normals": [
          27,
          27,
          27
        ]
      }
    },
    {
      "Triangle": {
        "vertices": [
          1,
          6,
          18
        ],
        "normals": [
          28,
          28,
          28
        ]
      }
    },
    {
      "Triangle": {
        "vertices": [
          0,
          8,
          15
        ],
        "normals": [
          29,
          29,
          29
        ]
      }
    },
    {
      "Triangle": {
        "vertices": [
          8,
          9,
          15
        ],
        "normals": [
          30,
          30,
          30
        ]
      }
    },
    {
      "Triangle": {
        "vertices": [
          1,
          18,
          11
        ],
        "normals": [
          31,
          31,
          31
        ]
      }
    },
    {
      "Triangle": {
        "vertices": [
          11,
          12,
          13
        ],
        "normals": [
          32,
          32,
          32
        ]
      }
    },
    {
      "Triangle": {
        "vertices": [
          1,
          10,
          13
        ],
        "normals": [
          33,
          33,
          33
        ]
      }
    },
    {
      "Triangle": {
        "vertices": [
          2,
          4,
          15
        ],
        "normals": [
          34,
          34,
          34
        ]
      }
    },
    {
      "Triangle": {
        "vertices": [
          1,
          15,
          3
        ],
        "normals": [
          35,
          35,
          35
        ]
      }
    },
    {
      "Triangle": {
        "vertices": [
          2,
          14,
          8
        ],
        "normals": [
          36,
          36,
          36
        ]
      }
    },
    {
      "Triangle": {
        "vertices": [
          5,
          8,
          6
        ],
        "normals": [
          37,
          37,
          37
        ]
      }
    },
    {
      "Triangle": {
        "vertices": [
          10,
          14,
          16
        ],
        "normals": [
          38,
          38,
          38
        ]
      }
    },
    {
      "Triangle": {
        "vertices": [
          1,
          16,
          14
        ],
        "normals": [
          39,
          39,
          39
        ]
      }
    },
    {
      "Triangle": {
        "vertices": [
          5,
          7,
          8
        ],
        "normals": [
          40,
          40,
          40
        ]
      }
    },
    {
      "Triangle": {
        "vertices": [
          8,
          17,
          18
        ],
        "normals": [
          41,
          41,
          41
        ]
      }
    },
    {
      "Triangle": {
        "vertices": [
          6,
          17,
          7
        ],
        "normals": [
          42,
          42,
          42
        ]
      }
    },
    {
      "Triangle": {
        "vertices": [
          11,
          13,
          16
        ],
        "normals": [
          43,
          43,
          43
        ]
      }
    },
    {
      "Triangle": {
        "vertices": [
          12,
          18,
          16
        ],
        "normals": [
          44,
          44,
          44
        ]
      }
    },
    {
      "Triangle": {
        "vertices": [
          10,
          11,
          17
        ],
        "normals": [
          45,
          45,
          45
        ]
      }
    }
  ],
  "vertices": [
    [
      15.098926,
      0.40198073,
      0.051975407
    ],
    [
      15.099895,
      1.332938,
      0.019391026
    ],
    [
      15.068614,
      0.47432685,
      0.037519626
    ],
    [
      15.019359,
      0.284748,
      0.04159035
    ],
    [
      14.995939,
      0.04486395,
      0.037946425
    ],
    [
      15.673564,
      0.99298596,
      0.019270834
    ],
    [
      15.459946,
      1.223393,
      0.011438304
    ],
    [
      15.556378,
      1.2097006,
      0.018055556
    ],
    [
      15.3788805,
      0.8829427,
      -0.0014880955
    ],
    [
      15.420674,
      0.83231425,
      0.0395986
    ],
    [
      15.029996,
      1.9872588,
      0.01981456
    ],
    [
      15.08573,
      2.09903,
      0.026167585
    ],
    [
      15.03451,
      2.1276383,
      0.055027474
    ],
    [
      15.035182,
      2.211968,
      0.030027473
    ],
    [
      15.209562,
      1.2797496,
      -0.004000687
    ],
    [
      15.078238,
      0.47095925,
      0.026505265
    ],
    [
      15.06669,
      2.024752,
      0.0039234217
    ],
    [
      15.345023,
      1.6971874,
      -0.019754464
    ],
    [
      15.365978,
      1.6225197,
      0.03566341
    ]
  ],
  "normals": [
    [
      0.12531076,
      0.0028367392,
      -0.9921135
    ],
    [
      -0.008352091,
      0.034986988,
      0.9993529
    ],
    [
      0.001604922,
      0.021050688,
      0.99977714
    ],
    [
      -0.057044942,
      -0.036441177,
      -0.99770635
    ],
    [
      0.036882065,
      0.06808689,
      0.9969974
    ],
    [
      -0.079406865,
      -0.079008244,
      0.99370635
    ],
    [
      -0.5654627,
      0.13108112,
      0.81429094
    ],
    [
      0.18085587,
      -0.13609378,
      -0.9740481
    ],
    [
      -0.09240588,
      -0.010515851,
      0.9956659
    ],
    [
      -0.60415816,
      -0.36939242,
      -0.70607513
    ],
    [
      0.96453905,
      0.06792137,
      0.2550513
    ],
    [
      0.7352839,
      -0.09407311,
      0.6711988
    ],
    [
      -0.20989963,
      -0.0027958145,
      -0.977719
    ],
    [
      0.087079816,
      -0.15998672,
      -0.98327076
    ],
    [
      0.06647247,
      0.022047441,
      -0.9975446
    ],
    [
      0.44022873,
      -0.050902873,
      0.8964415
    ],
    [
      -0.8895475,
      -0.052839987,
      -0.45377657
    ],
    [
      -0.13924961,
      0.016421717,
      0.9901211
    ],
    [
      0.7286672,
      0.047033995,
      -0.6832511
    ],
    [
      0.04941596,
      -0.053674396,
      -0.997335
    ],
    [
      -0.19557232,
      -0.23500189,
      0.9521163
    ],
    [
      0.68569225,
      0.5480051,
      0.4790789
    ],
    [
      -0.12253314,
      0.002307944,
      -0.99246174
    ],
    [
      0.7294393,
      -0.53305256,
      0.42868778
    ],
    [
      -0.36507973,
      0.032944616,
      0.9303932
    ],
    [
      0.22034436,
      -0.036318507,
      0.97474575
    ],
    [
      -0.120613486,
      -0.013291725,
      -0.9926106
    ],
    [
      0.042555247,
      0.06750379,
      0.99681103
    ],
    [
      0.0038937463,
      -0.05966994,
      0.99821055
    ],
    [
      -0.27112255,
      0.2608066,
      0.9265379
    ],
    [
      0.403741,
      -0.35200617,
      -0.84444356
    ],
    [
      -0.05044519,
      -0.009766659,
      0.9986791
    ],
    [
      -0.57178444,
      -0.22898875,
      -0.78779864
    ],
    [
      0.32583332,
      0.03541907,
      -0.94476354
    ],
    [
      0.72849417,
      -0.12260772,
      0.67399085
    ],
    [
      -0.24250346,
      -0.001914171,
      -0.9701486
    ],
    [
      -0.074885644,
      -0.03826342,
      -0.99645776
    ],
    [
      0.061623596,
      0.02321283,
      -0.9978295
    ],
    [
      0.34743738,
      0.056673843,
      0.9359889
    ],
    [
      -0.22354944,
      -0.0325095,
      -0.9741503
    ],
    [
      -0.06022068,
      -0.026968032,
      0.9978207
    ],
    [
      0.9485242,
      0.032373276,
      -0.31504577
    ],
    [
      0.061192222,
      -0.050784934,
      -0.9968332
    ],
    [
      -0.34649074,
      -0.1864987,
      0.91932714
    ],
    [
      0.7017679,
      0.48067096,
      -0.52581114
    ],
    [
      -0.04998332,
      0.08150286,
      -0.9954189
    ]
  ]
}
