---
source: src/mesh/smoothing.rs
expression: "&subdivided_mesh"
---
{
  "faces": [
    {
      "Triangle": {
        "vertices": [
          0,
          8,
          10
        ],
        "normals": [
          0,
          0,
          0
        ]
      }
    },
    {
      "Triangle": {
        "vertices": [
          1,
          9,
          8
        ],
        "normals": [
          1,
          1,
          1
        ]
      }
    },
    {
      "Triangle": {
        "vertices": [
          2,
          10,
          9
        ],
        "normals": [
          2,
          2,
          2
        ]
      }
    },
    {
      "Triangle": {
        "vertices": [
          8,
          9,
          10
        ],
        "normals": [
          3,
          3,
          3
        ]
      }
    },
    {
      "Triangle": {
        "vertices": [
          0,
          10,
          12
        ],
        "normals": [
          4,
          4,
          4
        ]
      }
    },
    {
      "Triangle": {
        "vertices": [
          2,
          11,
          10
        ],
        "normals": [
          5,
          5,
          5
        ]
      }
    },
    {
      "Triangle": {
        "vertices": [
          3,
          12,
          11
        ],
        "normals": [
          6,
          6,
          6
        ]
      }
    },
    {
      "Triangle": {
        "vertices": [
          10,
          11,
          12
        ],
        "normals": [
          7,
          7,
          7
        ]
      }
    },
    {
      "Triangle": {
        "vertices": [
          4,
          13,
          15
        ],
        "normals": [
          8,
          8,
          8
        ]
      }
    },
    {
      "Triangle": {
        "vertices": [
          5,
          14,
          13
        ],
        "normals": [
          9,
          9,
          9
        ]
      }
    },
    {
      "Triangle": {
        "vertices": [
          6,
          15,
          14
        ],
        "normals": [
          10,
          10,
          10
        ]
      }
    },
    {
      "Triangle": {
        "vertices": [
          13,
          14,
          15
        ],
        "normals": [
          11,
          11,
          11
        ]
      }
    },
    {
      "Triangle": {
        "vertices": [
          4,
          15,
          17
        ],
        "normals": [
          12,
          12,
          12
        ]
      }
    },
    {
      "Triangle": {
        "vertices": [
          6,
          16,
          15
        ],
        "normals": [
          13,
          13,
          13
        ]
      }
    },
    {
      "Triangle": {
        "vertices": [
          7,
          17,
          16
        ],
        "normals": [
          14,
          14,
          14
        ]
      }
    },
    {
      "Triangle": {
        "vertices": [
          15,
          16,
          17
        ],
        "normals": [
          15,
          15,
          15
        ]
      }
    },
    {
      "Triangle": {
        "vertices": [
          1,
          18,
          19
        ],
        "normals": [
          16,
          16,
          16
        ]
      }
    },
    {
      "Triangle": {
        "vertices": [
          7,
          16,
          18
        ],
        "normals": [
          17,
          17,
          17
        ]
      }
    },
    {
      "Triangle": {
        "vertices": [
          6,
          19,
          16
        ],
        "normals": [
          18,
          18,
          18
        ]
      }
    },
    {
      "Triangle": {
        "vertices": [
          16,
          19,
          18
        ],
        "normals": [
          19,
          19,
          19
        ]
      }
    },
    {
      "Triangle": {
        "vertices": [
          1,
          19,
          9
        ],
        "normals": [
          20,
          20,
          20
        ]
      }
    },
    {
      "Triangle": {
        "vertices": [
          6,
          20,
          19
        ],
        "normals": [
          21,
          21,
          21
        ]
      }
    },
    {
      "Triangle": {
        "vertices": [
          2,
          9,
          20
        ],
        "normals": [
          22,
          22,
          22
        ]
      }
    },
    {
      "Triangle": {
        "vertices": [
          9,
          19,
          20
        ],
        "normals": [
          23,
          23,
          23
        ]
      }
    },
    {
      "Triangle": {
        "vertices": [
          0,
          12,
          22
        ],
        "normals": [
          24,
          24,
          24
        ]
      }
    },
    {
      "Triangle": {
        "vertices": [
          3,
          21,
          12
        ],
        "normals": [
          25,
          25,
          25
        ]
      }
    },
    {
      "Triangle": {
        "vertices": [
          5,
          22,
          21
        ],
        "normals": [
          26,
          26,
          26
        ]
      }
    },
    {
      "Triangle": {
        "vertices": [
          12,
          21,
          22
        ],
        "normals": [
          27,
          27,
          27
        ]
      }
    },
    {
      "Triangle": {
        "vertices": [
          0,
          22,
          23
        ],
        "normals": [
          28,
          28,
          28
        ]
      }
    },
    {
      "Triangle": {
        "vertices": [
          5,
          13,
          22
        ],
        "normals": [
          29,
          29,
          29
        ]
      }
    },
    {
      "Triangle": {
        "vertices": [
          4,
          23,
          13
        ],
        "normals": [
          30,
          30,
          30
        ]
      }
    },
    {
      "Triangle": {
        "vertices": [
          13,
          23,
          22
        ],
        "normals": [
          31,
          31,
          31
        ]
      }
    },
    {
      "Triangle": {
        "vertices": [
          2,
          20,
          11
        ],
        "normals": [
          32,
          32,
          32
        ]
      }
    },
    {
      "Triangle": {
        "vertices": [
          6,
          24,
          20
        ],
        "normals": [
          33,
          33,
          33
        ]
      }
    },
    {
      "Triangle": {
        "vertices": [
          3,
          11,
          24
        ],
        "normals": [
          34,
          34,
          34
        ]
      }
    },
    {
      "Triangle": {
        "vertices": [
          11,
          20,
          24
        ],
        "normals": [
          35,
          35,
          35
        ]
      }
    },
    {
      "Triangle": {
        "vertices": [
          3,
          24,
          21
        ],
        "normals": [
          36,
          36,
          36
        ]
      }
    },
    {
      "Triangle": {
        "vertices": [
          6,
          14,
          24
        ],
        "normals": [
          37,
          37,
          37
        ]
      }
    },
    {
      "Triangle": {
        "vertices": [
          5,
          21,
          14
        ],
        "normals": [
          38,
          38,
          38
        ]
      }
    },
    {
      "Triangle": {
        "vertices": [
          14,
          21,
          24
        ],
        "normals": [
          39,
          39,
          39
        ]
      }
    },
    {
      "Triangle": {
        "vertices": [
          0,
          23,
          25
        ],
        "normals": [
          40,
          40,
          40
        ]
      }
    },
    {
      "Triangle": {
        "vertices": [
          4,
          17,
          23
        ],
        "normals": [
          41,
          41,
          41
        ]
      }
    },
    {
      "Triangle": {
        "vertices": [
          7,
          25,
          17
        ],
        "normals": [
          42,
          42,
          42
        ]
      }
    },
    {
      "Triangle": {
        "vertices": [
          17,
          25,
          23
        ],
        "normals": [
          43,
          43,
          43
        ]
      }
    },
    {
      "Triangle": {
        "vertices": [
          0,
          25,
          8
        ],
        "normals": [
          44,
          44,
          44
        ]
      }
    },
    {
      "Triangle": {
        "vertices": [
          7,
          18,
          25
        ],
        "normals": [
          45,
          45,
          45
        ]
      }
    },
    {
      "Triangle": {
        "vertices": [
          1,
          8,
          18
        ],
        "normals": [
          46,
          46,
          46
        ]
      }
    },
    {
      "Triangle": {
        "vertices": [
          8,
          25,
          18
        ],
        "normals": [
          47,
          47,
          47
        ]
      }
    }
  ],
  "vertices": [
    [
      -0.3125,
      0.3125,
      -0.3125
    ],
    [
      -0.3125,
      0.3125,
      0.40625
    ],
    [
      0.3125,
      0.40625,
      0.3125
    ],
    [
      0.40625,
      0.3125,
      -0.3125
    ],
    [
      -0.3125,
      -0.40625,
      -0.3125
    ],
    [
      0.3125,
      -0.3125,
      -0.40625
    ],
    [
      0.3125,
      -0.3125,
      0.3125
    ],
    [
      -0.40625,
      -0.3125,
      0.3125
    ],
    [
      -0.375,
      0.375,
      0.125
    ],
    [
      0.0,
      0.375,
      0.375
    ],
    [
      0.0,
      0.5,
      0.0
    ],
    [
      0.375,
      0.375,
      0.0
    ],
    [
      0.125,
      0.375,
      -0.375
    ],
    [
      0.0,
      -0.375,
      -0.375
    ],
    [
      0.375,
      -0.375,
      -0.125
    ],
    [
      0.0,
      -0.5,
      0.0
    ],
    [
      -0.125,
      -0.375,
      0.375
    ],
    [
      -0.375,
      -0.375,
      0.0
    ],
    [
      -0.375,
      0.0,
      0.375
    ],
    [
      0.0,
      0.0,
      0.5
    ],
    [
      0.375,
      0.125,
      0.375
    ],
    [
      0.375,
      0.0,
      -0.375
    ],
    [
      0.0,
      0.0,
      -0.5
    ],
    [
      -0.375,
      -0.125,
      -0.375
    ],
    [
      0.5,
      0.0,
      0.0
    ],
    [
      -0.5,
      0.0,
      0.0
    ]
  ],
  "normals": [
    [
      -0.36514837,
      0.9128709,
      -0.18257418
    ],
    [
      -0.16594797,
      0.9542008,
      0.24892195
    ],
    [
      -0.031606976,
      0.9482093,
      0.31606978
    ],
    [
      -0.20628424,
      0.9282791,
      0.30942637
    ],
    [
      -0.18257418,
      0.9128709,
      -0.36514837
    ],
    [
      0.31606978,
      0.9482093,
      -0.031606976
    ],
    [
      0.24892195,
      0.9542008,
      -0.16594797
    ],
    [
      0.30942637,
      0.9282791,
      -0.20628424
    ],
    [
      0.031606976,
      -0.9482093,
      -0.31606978
    ],
    [
      0.16594797,
      -0.9542008,
      -0.24892195
    ],
    [
      0.36514837,
      -0.9128709,
      0.18257418
    ],
    [
      0.20628424,
      -0.9282791,
      -0.30942637
    ],
    [
      -0.31606978,
      -0.9482093,
      0.031606976
    ],
    [
      0.18257418,
      -0.9128709,
      0.36514837
    ],
    [
      -0.24892195,
      -0.9542008,
      0.16594797
    ],
    [
      -0.30942637,
      -0.9282791,
      0.20628424
    ],
    [
      -0.31606978,
      -0.031606976,
      0.9482093
    ],
    [
      -0.24892195,
      -0.16594797,
      0.9542008
    ],
    [
      0.18257418,
      -0.36514837,
      0.9128709
    ],
    [
      -0.30942637,
      -0.20628424,
      0.9282791
    ],
    [
      0.031606976,
      0.31606978,
      0.9482093
    ],
    [
      0.36514837,
      -0.18257418,
      0.9128709
    ],
    [
      0.16594797,
      0.24892195,
      0.9542008
    ],
    [
      0.20628424,
      0.30942637,
      0.9282791
    ],
    [
      -0.18257418,
      0.36514837,
      -0.9128709
    ],
    [
      0.24892195,
      0.16594797,
      -0.9542008
    ],
    [
      0.31606978,
      0.031606976,
      -0.9482093
    ],
    [
      0.30942637,
      0.20628424,
      -0.9282791
    ],
    [
      -0.36514837,
      0.18257418,
      -0.9128709
    ],
    [
      -0.031606976,
      -0.31606978,
      -0.9482093
    ],
    [
      -0.16594797,
      -0.24892195,
      -0.9542008
    ],
    [
      -0.20628424,
      -0.30942637,
      -0.9282791
    ],
    [
      0.9542008,
      0.24892195,
      0.16594797
    ],
    [
      0.9128709,
      -0.18257418,
      0.36514837
    ],
    [
      0.9482093,
      0.31606978,
      0.031606976
    ],
    [
      0.9282791,
      0.30942637,
      0.20628424
    ],
    [
      0.9482093,
      -0.031606976,
      -0.31606978
    ],
    [
      0.9128709,
      -0.36514837,
      0.18257418
    ],
    [
      0.9542008,
      -0.16594797,
      -0.24892195
    ],
    [
      0.9282791,
      -0.20628424,
      -0.30942637
    ],
    [
      -0.9128709,
      0.18257418,
      -0.36514837
    ],
    [
      -0.9542008,
      -0.24892195,
      -0.16594797
    ],
    [
      -0.9482093,
      -0.31606978,
      -0.031606976
    ],
    [
      -0.9282791,
      -0.30942637,
      -0.20628424
    ],
    [
      -0.9128709,
      0.36514837,
      -0.18257418
    ],
    [
      -0.9482093,
      0.031606976,
      0.31606978
    ],
    [
      -0.9542008,
      0.16594797,
      0.24892195
    ],
    [
      -0.9282791,
      0.20628424,
      0.30942637
    ]
  ]
}
