---
source: src/mesh/smoothing.rs
expression: "&relaxed_mesh"
---
{
  "faces": [
    {
      "Triangle": {
        "vertices": [
          0,
          4,
          3
        ],
        "normals": [
          0,
          4,
          3
        ]
      }
    },
    {
      "Triangle": {
        "vertices": [
          0,
          9,
          1
        ],
        "normals": [
          0,
          9,
          1
        ]
      }
    },
    {
      "Triangle": {
        "vertices": [
          1,
          3,
          2
        ],
        "normals": [
          1,
          3,
          2
        ]
      }
    },
    {
      "Triangle": {
        "vertices": [
          5,
          9,
          7
        ],
        "normals": [
          5,
          9,
          7
        ]
      }
    },
    {
      "Triangle": {
        "vertices": [
          5,
          6,
          9
        ],
        "normals": [
          5,
          6,
          9
        ]
      }
    },
    {
      "Triangle": {
        "vertices": [
          6,
          7,
          18
        ],
        "normals": [
          6,
          7,
          18
        ]
      }
    },
    {
      "Triangle": {
        "vertices": [
          0,
          15,
          4
        ],
        "normals": [
          0,
          15,
          4
        ]
      }
    },
    {
      "Triangle": {
        "vertices": [
          3,
          15,
          9
        ],
        "normals": [
          3,
          15,
          9
        ]
      }
    },
    {
      "Triangle": {
        "vertices": [
          1,
          11,
          10
        ],
        "normals": [
          1,
          11,
          10
        ]
      }
    },
    {
      "Triangle": {
        "vertices": [
          11,
          18,
          12
        ],
        "normals": [
          11,
          18,
          12
        ]
      }
    },
    {
      "Triangle": {
        "vertices": [
          1,
          13,
          12
        ],
        "normals": [
          1,
          13,
          12
        ]
      }
    },
    {
      "Triangle": {
        "vertices": [
          2,
          15,
          14
        ],
        "normals": [
          2,
          15,
          14
        ]
      }
    },
    {
      "Triangle": {
        "vertices": [
          1,
          14,
          15
        ],
        "normals": [
          1,
          14,
          15
        ]
      }
    },
    {
      "Triangle": {
        "vertices": [
          0,
          2,
          8
        ],
        "normals": [
          0,
          2,
          8
        ]
      }
    },
    {
      "Triangle": {
        "vertices": [
          6,
          8,
          14
        ],
        "normals": [
          6,
          8,
          14
        ]
      }
    },
    {
      "Triangle": {
        "vertices": [
          10,
          16,
          13
        ],
        "normals": [
          10,
          16,
          13
        ]
      }
    },
    {
      "Triangle": {
        "vertices": [
          1,
          12,
          16
        ],
        "normals": [
          1,
          12,
          16
        ]
      }
    },
    {
      "Triangle": {
        "vertices": [
          7,
          17,
          8
        ],
        "normals": [
          7,
          17,
          8
        ]
      }
    },
    {
      "Triangle": {
        "vertices": [
          8,
          18,
          9
        ],
        "normals": [
          8,
          18,
          9
        ]
      }
    },
    {
      "Triangle": {
        "vertices": [
          6,
          14,
          17
        ],
        "normals": [
          6,
          14,
          17
        ]
      }
    },
    {
      "Triangle": {
        "vertices": [
          11,
          16,
          17
        ],
        "normals": [
          11,
          16,
          17
        ]
      }
    },
    {
      "Triangle": {
        "vertices": [
          16,
          18,
          17
        ],
        "normals": [
          16,
          18,
          17
        ]
      }
    },
    {
      "Triangle": {
        "vertices": [
          10,
          17,
          14
        ],
        "normals": [
          10,
          17,
          14
        ]
      }
    },
    {
      "Triangle": {
        "vertices": [
          0,
          3,
          9
        ],
        "normals": [
          0,
          3,
          9
        ]
      }
    },
    {
      "Triangle": {
        "vertices": [
          0,
          1,
          2
        ],
        "normals": [
          0,
          1,
          2
        ]
      }
    },
    {
      "Triangle": {
        "vertices": [
          2,
          3,
          4
        ],
        "normals": [
          2,
          3,
          4
        ]
      }
    },
    {
      "Triangle": {
        "vertices": [
          7,
          9,
          18
        ],
        "normals": [
          7,
          9,
          18
        ]
      }
    },
    {
      "Triangle": {
        "vertices": [
          1,
          9,
          6
        ],
        "normals": [
          1,
          9,
          6
        ]
      }
    },
    {
      "Triangle": {
        "vertices": [
          1,
          6,
          18
        ],
        "normals": [
          1,
          6,
          18
        ]
      }
    },
    {
      "Triangle": {
        "vertices": [
          0,
          8,
          15
        ],
        "normals": [
          0,
          8,
          15
        ]
      }
    },
    {
      "Triangle": {
        "vertices": [
          8,
          9,
          15
        ],
        "normals": [
          8,
          9,
          15
        ]
      }
    },
    {
      "Triangle": {
        "vertices": [
          1,
          18,
          11
        ],
        "normals": [
          1,
          18,
          11
        ]
      }
    },
    {
      "Triangle": {
        "vertices": [
          11,
          12,
          13
        ],
        "normals": [
          11,
          12,
          13
        ]
      }
    },
    {
      "Triangle": {
        "vertices": [
          1,
          10,
          13
        ],
        "normals": [
          1,
          10,
          13
        ]
      }
    },
    {
      "Triangle": {
        "vertices": [
          2,
          4,
          15
        ],
        "normals": [
          2,
          4,
          15
        ]
      }
    },
    {
      "Triangle": {
        "vertices": [
          1,
          15,
          3
        ],
        "normals": [
          1,
          15,
          3
        ]
      }
    },
    {
      "Triangle": {
        "vertices": [
          2,
          14,
          8
        ],
        "normals": [
          2,
          14,
          8
        ]
      }
    },
    {
      "Triangle": {
        "vertices": [
          5,
          8,
          6
        ],
        "normals": [
          5,
          8,
          6
        ]
      }
    },
    {
      "Triangle": {
        "vertices": [
          10,
          14,
          16
        ],
        "normals": [
          10,
          14,
          16
        ]
      }
    },
    {
      "Triangle": {
        "vertices": [
          1,
          16,
          14
        ],
        "normals": [
          1,
          16,
          14
        ]
      }
    },
    {
      "Triangle": {
        "vertices": [
          5,
          7,
          8
        ],
        "normals": [
          5,
          7,
          8
        ]
      }
    },
    {
      "Triangle": {
        "vertices": [
          8,
          17,
          18
        ],
        "normals": [
          8,
          17,
          18
        ]
      }
    },
    {
      "Triangle": {
        "vertices": [
          6,
          17,
          7
        ],
        "normals": [
          6,
          17,
          7
        ]
      }
    },
    {
      "Triangle": {
        "vertices": [
          11,
          13,
          16
        ],
        "normals": [
          11,
          13,
          16
        ]
      }
    },
    {
      "Triangle": {
        "vertices": [
          12,
          18,
          16
        ],
        "normals": [
          12,
          18,
          16
        ]
      }
    },
    {
      "Triangle": {
        "vertices": [
          10,
          11,
          17
        ],
        "normals": [
          10,
          11,
          17
        ]
      }
    }
  ],
  "vertices": [
    [
      15.151657,
      0.61758465,
      0.028723316
    ],
    [
      15.1518,
      1.3108183,
      0.028865447
    ],
    [
      15.125829,
      0.6711689,
      0.024559958
    ],
    [
      15.1270485,
      0.5928971,
      0.03548939
    ],
    [
      15.066284,
      0.4080037,
      0.039397664
    ],
    [
      15.453969,
      1.0370877,
      0.01690109
    ],
    [
      15.381245,
      1.2312922,
      0.013342023
    ],
    [
      15.440678,
      1.2085572,
      0.014121432
    ],
    [
      15.327692,
      1.0205119,
      0.021627186
    ],
    [
      15.303463,
      0.93579644,
      0.02471134
    ],
    [
      15.140347,
      1.7742709,
      0.009292393
    ],
    [
      15.13961,
      1.8577518,
      0.0205847
    ],
    [
      15.130694,
      1.8582414,
      0.023034584
    ],
    [
      15.063364,
      1.9143234,
      0.024864813
    ],
    [
      15.19091,
      1.2617197,
      0.012168706
    ],
    [
      15.161481,
      0.691733,
      0.027816582
    ],
    [
      15.150736,
      1.7947862,
      0.020292046
    ],
    [
      15.269146,
      1.5411683,
      0.013696757
    ],
    [
      15.271971,
      1.4922107,
      0.016928824
    ]
  ],
  "normals": [
    [
      -0.10044651,
      0.036043286,
      0.1676684
    ],
    [
      -0.07254549,
      -0.00076236756,
      0.067768924
    ],
    [
      0.13403608,
      -0.015888799,
      -0.0464997
    ],
    [
      0.0857393,
      -0.0056196805,
      -0.83828
    ],
    [
      -0.007638499,
      0.01280405,
      0.026877776
    ],
    [
      -0.0014446005,
      -0.00024308218,
      0.000057920814
    ],
    [
      0.018258661,
      -0.002061842,
      -0.0006546527
    ],
    [
      -0.0033155351,
      -0.0022906973,
      0.000022947788
    ],
    [
      0.09682513,
      -0.004617363,
      -0.026315987
    ],
    [
      0.0020020287,
      0.00055365637,
      -0.09167522
    ],
    [
      -0.23974542,
      -0.033487804,
      0.12078895
    ],
    [
      -0.15062545,
      -0.034006573,
      0.035813034
    ],
    [
      -0.08294142,
      -0.051827986,
      -0.95652854
    ],
    [
      -0.06430242,
      -0.1090799,
      0.18524386
    ],
    [
      -0.19011924,
      -0.014076184,
      -0.5112916
    ],
    [
      -0.044958726,
      -0.013415425,
      0.016231313
    ],
    [
      -0.11515857,
      -0.01866623,
      0.22256202
    ],
    [
      0.16579355,
      0.041334208,
      -0.031694457
    ],
    [
      0.12488453,
      0.026561376,
      0.31241846
    ]
  ]
}
