---
source: src/mesh/smoothing.rs
expression: "&relaxed_mesh"
---
{
  "faces": [
    {
      "Triangle": {
        "vertices": [
          0,
          4,
          3
        ],
        "normals": [
          0,
          4,
          3
        ]
      }
    },
    {
      "Triangle": {
        "vertices": [
          0,
          9,
          1
        ],
        "normals": [
          0,
          9,
          1
        ]
      }
    },
    {
      "Triangle": {
        "vertices": [
          1,
          3,
          2
        ],
        "normals": [
          1,
          3,
          2
        ]
      }
    },
    {
      "Triangle": {
        "vertices": [
          5,
          9,
          7
        ],
        "normals": [
          5,
          9,
          7
        ]
      }
    },
    {
      "Triangle": {
        "vertices": [
          5,
          6,
          9
        ],
        "normals": [
          5,
          6,
          9
        ]
      }
    },
    {
      "Triangle": {
        "vertices": [
          6,
          7,
          18
        ],
        "normals": [
          6,
          7,
          18
        ]
      }
    },
    {
      "Triangle": {
        "vertices": [
          0,
          15,
          4
        ],
        "normals": [
          0,
          15,
          4
        ]
      }
    },
    {
      "Triangle": {
        "vertices": [
          3,
          15,
          9
        ],
        "normals": [
          3,
          15,
          9
        ]
      }
    },
    {
      "Triangle": {
        "vertices": [
          1,
          11,
          10
        ],
        "normals": [
          1,
          11,
          10
        ]
      }
    },
    {
      "Triangle": {
        "vertices": [
          11,
          18,
          12
        ],
        "normals": [
          11,
          18,
          12
        ]
      }
    },
    {
      "Triangle": {
        "vertices": [
          1,
          13,
          12
        ],
        "normals": [
          1,
          13,
          12
        ]
      }
    },
    {
      "Triangle": {
        "vertices": [
          2,
          15,
          14
        ],
        "normals": [
          2,
          15,
          14
        ]
      }
    },
    {
      "Triangle": {
        "vertices": [
          1,
          14,
          15
        ],
        "normals": [
          1,
          14,
          15
        ]
      }
    },
    {
      "Triangle": {
        "vertices": [
          0,
          2,
          8
        ],
        "normals": [
          0,
          2,
          8
        ]
      }
    },
    {
      "Triangle": {
        "vertices": [
          6,
          8,
          14
        ],
        "normals": [
          6,
          8,
          14
        ]
      }
    },
    {
      "Triangle": {
        "vertices": [
          10,
          16,
          13
        ],
        "normals": [
          10,
          16,
          13
        ]
      }
    },
    {
      "Triangle": {
        "vertices": [
          1,
          12,
          16
        ],
        "normals": [
          1,
          12,
          16
        ]
      }
    },
    {
      "Triangle": {
        "vertices": [
          7,
          17,
          8
        ],
        "normals": [
          7,
          17,
          8
        ]
      }
    },
    {
      "Triangle": {
        "vertices": [
          8,
          18,
          9
        ],
        "normals": [
          8,
          18,
          9
        ]
      }
    },
    {
      "Triangle": {
        "vertices": [
          6,
          14,
          17
        ],
        "normals": [
          6,
          14,
          17
        ]
      }
    },
    {
      "Triangle": {
        "vertices": [
          11,
          16,
          17
        ],
        "normals": [
          11,
          16,
          17
        ]
      }
    },
    {
      "Triangle": {
        "vertices": [
          16,
          18,
          17
        ],
        "normals": [
          16,
          18,
          17
        ]
      }
    },
    {
      "Triangle": {
        "vertices": [
          10,
          17,
          14
        ],
        "normals": [
          10,
          17,
          14
        ]
      }
    },
    {
      "Triangle": {
        "vertices": [
          0,
          3,
          9
        ],
        "normals": [
          0,
          3,
          9
        ]
      }
    },
    {
      "Triangle": {
        "vertices": [
          0,
          1,
          2
        ],
        "normals": [
          0,
          1,
          2
        ]
      }
    },
    {
      "Triangle": {
        "vertices": [
          2,
          3,
          4
        ],
        "normals": [
          2,
          3,
          4
        ]
      }
    },
    {
      "Triangle": {
        "vertices": [
          7,
          9,
          18
        ],
        "normals": [
          7,
          9,
          18
        ]
      }
    },
    {
      "Triangle": {
        "vertices": [
          1,
          9,
          6
        ],
        "normals": [
          1,
          9,
          6
        ]
      }
    },
    {
      "Triangle": {
        "vertices": [
          1,
          6,
          18
        ],
        "normals": [
          1,
          6,
          18
        ]
      }
    },
    {
      "Triangle": {
        "vertices": [
          0,
          8,
          15
        ],
        "normals": [
          0,
          8,
          15
        ]
      }
    },
    {
      "Triangle": {
        "vertices": [
          8,
          9,
          15
        ],
        "normals": [
          8,
          9,
          15
        ]
      }
    },
    {
      "Triangle": {
        "vertices": [
          1,
          18,
          11
        ],
        "normals": [
          1,
          18,
          11
        ]
      }
    },
    {
      "Triangle": {
        "vertices": [
          11,
          12,
          13
        ],
        "normals": [
          11,
          12,
          13
        ]
      }
    },
    {
      "Triangle": {
        "vertices": [
          1,
          10,
          13
        ],
        "normals": [
          1,
          10,
          13
        ]
      }
    },
    {
      "Triangle": {
        "vertices": [
          2,
          4,
          15
        ],
        "normals": [
          2,
          4,
          15
        ]
      }
    },
    {
      "Triangle": {
        "vertices": [
          1,
          15,
          3
        ],
        "normals": [
          1,
          15,
          3
        ]
      }
    },
    {
      "Triangle": {
        "vertices": [
          2,
          14,
          8
        ],
        "normals": [
          2,
          14,
          8
        ]
      }
    },
    {
      "Triangle": {
        "vertices": [
          5,
          8,
          6
        ],
        "normals": [
          5,
          8,
          6
        ]
      }
    },
    {
      "Triangle": {
        "vertices": [
          10,
          14,
          16
        ],
        "normals": [
          10,
          14,
          16
        ]
      }
    },
    {
      "Triangle": {
        "vertices": [
          1,
          16,
          14
        ],
        "normals": [
          1,
          16,
          14
        ]
      }
    },
    {
      "Triangle": {
        "vertices": [
          5,
          7,
          8
        ],
        "normals": [
          5,
          7,
          8
        ]
      }
    },
    {
      "Triangle": {
        "vertices": [
          8,
          17,
          18
        ],
        "normals": [
          8,
          17,
          18
        ]
      }
    },
    {
      "Triangle": {
        "vertices": [
          6,
          17,
          7
        ],
        "normals": [
          6,
          17,
          7
        ]
      }
    },
    {
      "Triangle": {
        "vertices": [
          11,
          13,
          16
        ],
        "normals": [
          11,
          13,
          16
        ]
      }
    },
    {
      "Triangle": {
        "vertices": [
          12,
          18,
          16
        ],
        "normals": [
          12,
          18,
          16
        ]
      }
    },
    {
      "Triangle": {
        "vertices": [
          10,
          11,
          17
        ],
        "normals": [
          10,
          11,
          17
        ]
      }
    }
  ],
  "vertices": [
    [
      15.005896,
      -0.096932136,
      0.035714287
    ],
    [
      15.032319,
      1.3814715,
      0.07692308
    ],
    [
      14.85898,
      0.023603572,
      -0.071428575
    ],
    [
      15.036084,
      0.0625,
      0.125
    ],
    [
      14.7667465,
      -0.40400624,
      0.0625
    ],
    [
      15.922697,
      0.79014397,
      0.0625
    ],
    [
      15.74002,
      1.2527441,
      -0.03125
    ],
    [
      16.038675,
      1.1591878,
      0.0
    ],
    [
      15.546143,
      0.94594526,
      0.025
    ],
    [
      15.369417,
      0.61406684,
      0.083333336
    ],
    [
      14.954895,
      2.2789257,
      -0.125
    ],
    [
      15.005896,
      2.5789828,
      0.035714287
    ],
    [
      15.1,
      2.5052557,
      0.1
    ],
    [
      14.670095,
      2.5570505,
      0.1
    ],
    [
      15.010317,
      1.2410252,
      -0.125
    ],
    [
      15.082797,
      0.19028437,
      0.0625
    ],
    [
      15.082798,
      2.3152037,
      0.0625
    ],
    [
      15.3785515,
      1.8498192,
      -0.03125
    ],
    [
      15.381446,
      1.8054839,
      0.0
    ]
  ],
  "normals": [
    [
      -0.13547882,
      0.035264388,
      0.23933916
    ],
    [
      -0.2615481,
      0.028330008,
      0.29297084
    ],
    [
      0.046224143,
      -0.03245144,
      -0.11572692
    ],
    [
      0.0065008253,
      0.00023023644,
      -0.56980115
    ],
    [
      -0.06437968,
      0.07321823,
      0.10122296
    ],
    [
      -0.003220175,
      0.00012306124,
      -0.000083357096
    ],
    [
      0.06876609,
      -0.016090546,
      0.0012523234
    ],
    [
      -0.012674501,
      -0.012603265,
      -0.0017159432
    ],
    [
      0.3091775,
      -0.09205121,
      -0.020183723
    ],
    [
      0.1052015,
      -0.052917846,
      0.061511803
    ],
    [
      -0.12100276,
      -0.04782652,
      0.037273362
    ],
    [
      -0.03392207,
      -0.044535775,
      0.30348748
    ],
    [
      -0.33276525,
      -0.16509934,
      -0.37916213
    ],
    [
      0.0787159,
      -0.22500636,
      0.07554598
    ],
    [
      -0.3326933,
      -0.020663438,
      -0.28719336
    ],
    [
      -0.099083506,
      -0.11727159,
      0.23947105
    ],
    [
      -0.19059306,
      0.03304934,
      0.30735987
    ],
    [
      0.4247974,
      0.17656277,
      -0.16864333
    ],
    [
      0.16191979,
      0.036573976,
      0.3587543
    ]
  ]
}
