---
source: src/mesh/smoothing.rs
expression: "&relaxed_mesh"
---
{
  "faces": [
    {
      "Triangle": {
        "vertices": [
          0,
          4,
          3
        ],
        "normals": [
          0,
          0,
          0
        ]
      }
    },
    {
      "Triangle": {
        "vertices": [
          0,
          9,
          1
        ],
        "normals": [
          1,
          1,
          1
        ]
      }
    },
    {
      "Triangle": {
        "vertices": [
          1,
          3,
          2
        ],
        "normals": [
          2,
          2,
          2
        ]
      }
    },
    {
      "Triangle": {
        "vertices": [
          5,
          9,
          7
        ],
        "normals": [
          3,
          3,
          3
        ]
      }
    },
    {
      "Triangle": {
        "vertices": [
          5,
          6,
          9
        ],
        "normals": [
          4,
          4,
          4
        ]
      }
    },
    {
      "Triangle": {
        "vertices": [
          6,
          7,
          18
        ],
        "normals": [
          5,
          5,
          5
        ]
      }
    },
    {
      "Triangle": {
        "vertices": [
          0,
          15,
          4
        ],
        "normals": [
          6,
          6,
          6
        ]
      }
    },
    {
      "Triangle": {
        "vertices": [
          3,
          15,
          9
        ],
        "normals": [
          7,
          7,
          7
        ]
      }
    },
    {
      "Triangle": {
        "vertices": [
          1,
          11,
          10
        ],
        "normals": [
          8,
          8,
          8
        ]
      }
    },
    {
      "Triangle": {
        "vertices": [
          11,
          18,
          12
        ],
        "normals": [
          9,
          9,
          9
        ]
      }
    },
    {
      "Triangle": {
        "vertices": [
          1,
          13,
          12
        ],
        "normals": [
          10,
          10,
          10
        ]
      }
    },
    {
      "Triangle": {
        "vertices": [
          2,
          15,
          14
        ],
        "normals": [
          11,
          11,
          11
        ]
      }
    },
    {
      "Triangle": {
        "vertices": [
          1,
          14,
          15
        ],
        "normals": [
          12,
          12,
          12
        ]
      }
    },
    {
      "Triangle": {
        "vertices": [
          0,
          2,
          8
        ],
        "normals": [
          13,
          13,
          13
        ]
      }
    },
    {
      "Triangle": {
        "vertices": [
          6,
          8,
          14
        ],
        "normals": [
          14,
          14,
          14
        ]
      }
    },
    {
      "Triangle": {
        "vertices": [
          10,
          16,
          13
        ],
        "normals": [
          15,
          15,
          15
        ]
      }
    },
    {
      "Triangle": {
        "vertices": [
          1,
          12,
          16
        ],
        "normals": [
          16,
          16,
          16
        ]
      }
    },
    {
      "Triangle": {
        "vertices": [
          7,
          17,
          8
        ],
        "normals": [
          17,
          17,
          17
        ]
      }
    },
    {
      "Triangle": {
        "vertices": [
          8,
          18,
          9
        ],
        "normals": [
          18,
          18,
          18
        ]
      }
    },
    {
      "Triangle": {
        "vertices": [
          6,
          14,
          17
        ],
        "normals": [
          19,
          19,
          19
        ]
      }
    },
    {
      "Triangle": {
        "vertices": [
          11,
          16,
          17
        ],
        "normals": [
          20,
          20,
          20
        ]
      }
    },
    {
      "Triangle": {
        "vertices": [
          16,
          18,
          17
        ],
        "normals": [
          21,
          21,
          21
        ]
      }
    },
    {
      "Triangle": {
        "vertices": [
          10,
          17,
          14
        ],
        "normals": [
          22,
          22,
          22
        ]
      }
    },
    {
      "Triangle": {
        "vertices": [
          0,
          3,
          9
        ],
        "normals": [
          23,
          23,
          23
        ]
      }
    },
    {
      "Triangle": {
        "vertices": [
          0,
          1,
          2
        ],
        "normals": [
          24,
          24,
          24
        ]
      }
    },
    {
      "Triangle": {
        "vertices": [
          2,
          3,
          4
        ],
        "normals": [
          25,
          25,
          25
        ]
      }
    },
    {
      "Triangle": {
        "vertices": [
          7,
          9,
          18
        ],
        "normals": [
          26,
          26,
          26
        ]
      }
    },
    {
      "Triangle": {
        "vertices": [
          1,
          9,
          6
        ],
        "normals": [
          27,
          27,
          27
        ]
      }
    },
    {
      "Triangle": {
        "vertices": [
          1,
          6,
          18
        ],
        "normals": [
          28,
          28,
          28
        ]
      }
    },
    {
      "Triangle": {
        "vertices": [
          0,
          8,
          15
        ],
        "normals": [
          29,
          29,
          29
        ]
      }
    },
    {
      "Triangle": {
        "vertices": [
          8,
          9,
          15
        ],
        "normals": [
          30,
          30,
          30
        ]
      }
    },
    {
      "Triangle": {
        "vertices": [
          1,
          18,
          11
        ],
        "normals": [
          31,
          31,
          31
        ]
      }
    },
    {
      "Triangle": {
        "vertices": [
          11,
          12,
          13
        ],
        "normals": [
          32,
          32,
          32
        ]
      }
    },
    {
      "Triangle": {
        "vertices": [
          1,
          10,
          13
        ],
        "normals": [
          33,
          33,
          33
        ]
      }
    },
    {
      "Triangle": {
        "vertices": [
          2,
          4,
          15
        ],
        "normals": [
          34,
          34,
          34
        ]
      }
    },
    {
      "Triangle": {
        "vertices": [
          1,
          15,
          3
        ],
        "normals": [
          35,
          35,
          35
        ]
      }
    },
    {
      "Triangle": {
        "vertices": [
          2,
          14,
          8
        ],
        "normals": [
          36,
          36,
          36
        ]
      }
    },
    {
      "Triangle": {
        "vertices": [
          5,
          8,
          6
        ],
        "normals": [
          37,
          37,
          37
        ]
      }
    },
    {
      "Triangle": {
        "vertices": [
          10,
          14,
          16
        ],
        "normals": [
          38,
          38,
          38
        ]
      }
    },
    {
      "Triangle": {
        "vertices": [
          1,
          16,
          14
        ],
        "normals": [
          39,
          39,
          39
        ]
      }
    },
    {
      "Triangle": {
        "vertices": [
          5,
          7,
          8
        ],
        "normals": [
          40,
          40,
          40
        ]
      }
    },
    {
      "Triangle": {
        "vertices": [
          8,
          17,
          18
        ],
        "normals": [
          41,
          41,
          41
        ]
      }
    },
    {
      "Triangle": {
        "vertices": [
          6,
          17,
          7
        ],
        "normals": [
          42,
          42,
          42
        ]
      }
    },
    {
      "Triangle": {
        "vertices": [
          11,
          13,
          16
        ],
        "normals": [
          43,
          43,
          43
        ]
      }
    },
    {
      "Triangle": {
        "vertices": [
          12,
          18,
          16
        ],
        "normals": [
          44,
          44,
          44
        ]
      }
    },
    {
      "Triangle": {
        "vertices": [
          10,
          11,
          17
        ],
        "normals": [
          45,
          45,
          45
        ]
      }
    }
  ],
  "vertices": [
    [
      15.151657,
      0.61758465,
      0.028723316
    ],
    [
      15.1518,
      1.3108183,
      0.028865447
    ],
    [
      15.125829,
      0.6711689,
      0.024559958
    ],
    [
      15.1270485,
      0.5928971,
      0.03548939
    ],
    [
      15.066284,
      0.4080037,
      0.039397664
    ],
    [
      15.453969,
      1.0370877,
      0.01690109
    ],
    [
      15.381245,
      1.2312922,
      0.013342023
    ],
    [
      15.440678,
      1.2085572,
      0.014121432
    ],
    [
      15.327692,
      1.0205119,
      0.021627186
    ],
    [
      15.303463,
      0.93579644,
      0.02471134
    ],
    [
      15.140347,
      1.7742709,
      0.009292393
    ],
    [
      15.13961,
      1.8577518,
      0.0205847
    ],
    [
      15.130694,
      1.8582414,
      0.023034584
    ],
    [
      15.063364,
      1.9143234,
      0.024864813
    ],
    [
      15.19091,
      1.2617197,
      0.012168706
    ],
    [
      15.161481,
      0.691733,
      0.027816582
    ],
    [
      15.150736,
      1.7947862,
      0.020292046
    ],
    [
      15.269146,
      1.5411683,
      0.013696757
    ],
    [
      15.271971,
      1.4922107,
      0.016928824
    ]
  ],
  "normals": [
    [
      -0.35239184,
      0.09613446,
      -0.9309019
    ],
    [
      0.026860027,
      -0.00021049479,
      0.9996392
    ],
    [
      0.9329893,
      -0.03547105,
      -0.35815176
    ],
    [
      -0.038914636,
      -0.01921197,
      -0.9990578
    ],
    [
      0.031566415,
      0.030129692,
      0.9990474
    ],
    [
      -0.021866634,
      -0.022897784,
      0.99949867
    ],
    [
      0.13943122,
      -0.0063640815,
      0.99021125
    ],
    [
      0.2642625,
      -0.16582079,
      -0.9500888
    ],
    [
      -0.99579835,
      -0.020843955,
      0.08916954
    ],
    [
      -0.26840743,
      -0.08759452,
      -0.95931464
    ],
    [
      -0.037222583,
      -0.012078424,
      -0.999234
    ],
    [
      -0.10974159,
      0.03293841,
      0.99341416
    ],
    [
      -0.39757305,
      -0.0046623773,
      -0.9175587
    ],
    [
      0.06518019,
      -0.04603187,
      -0.99681115
    ],
    [
      -0.00011451111,
      -0.039247707,
      -0.99922943
    ],
    [
      -0.35674122,
      -0.29466102,
      0.886516
    ],
    [
      -0.19068821,
      -0.017806243,
      -0.9814891
    ],
    [
      0.03457747,
      0.019107824,
      0.99921936
    ],
    [
      0.065287724,
      0.017650075,
      0.99771035
    ],
    [
      0.0067369267,
      0.0035818338,
      -0.9999709
    ],
    [
      0.073395126,
      0.008333223,
      0.99726814
    ],
    [
      0.21876322,
      0.076840885,
      0.9727477
    ],
    [
      0.02925149,
      -0.0027236398,
      -0.99956834
    ],
    [
      -0.440403,
      0.19906068,
      -0.87545425
    ],
    [
      -0.15948178,
      -0.00016949234,
      0.98720086
    ],
    [
      0.3229001,
      -0.12594727,
      -0.9380154
    ],
    [
      -0.044331048,
      -0.01648033,
      -0.9988809
    ],
    [
      0.07400397,
      0.018883372,
      0.9970792
    ],
    [
      0.07336248,
      0.01701677,
      0.9971602
    ],
    [
      0.017679589,
      0.009883793,
      0.99979484
    ],
    [
      0.0796864,
      -0.05901735,
      -0.99507135
    ],
    [
      0.07377584,
      0.016741222,
      0.9971343
    ],
    [
      -0.26828083,
      -0.29213172,
      -0.91797847
    ],
    [
      0.2802087,
      0.047416747,
      0.9587673
    ],
    [
      -0.14049353,
      0.0873931,
      0.9862171
    ],
    [
      -0.21292123,
      -0.0016741225,
      -0.9770679
    ],
    [
      0.02689991,
      -0.02393343,
      -0.99935156
    ],
    [
      -0.03334559,
      -0.03079452,
      -0.9989694
    ],
    [
      -0.6658065,
      -0.06150982,
      0.7435849
    ],
    [
      -0.41060665,
      -0.01705274,
      -0.91165316
    ],
    [
      0.034915406,
      0.018904462,
      0.9992115
    ],
    [
      0.6774846,
      0.08730506,
      0.73033726
    ],
    [
      0.015726224,
      0.0068336064,
      -0.99985296
    ],
    [
      0.06052391,
      0.0060548824,
      0.9981484
    ],
    [
      0.34989184,
      0.15047097,
      -0.9246265
    ],
    [
      0.27041328,
      0.13139485,
      -0.9537359
    ]
  ]
}
