---
source: src/mesh/smoothing.rs
expression: "&relaxed_mesh"
---
{
  "faces": [
    {
      "Triangle": {
        "vertices": [
          0,
          4,
          3
        ],
        "normals": [
          0,
          4,
          3
        ]
      }
    },
    {
      "Triangle": {
        "vertices": [
          0,
          9,
          1
        ],
        "normals": [
          0,
          9,
          1
        ]
      }
    },
    {
      "Triangle": {
        "vertices": [
          1,
          3,
          2
        ],
        "normals": [
          1,
          3,
          2
        ]
      }
    },
    {
      "Triangle": {
        "vertices": [
          5,
          9,
          7
        ],
        "normals": [
          5,
          9,
          7
        ]
      }
    },
    {
      "Triangle": {
        "vertices": [
          5,
          6,
          9
        ],
        "normals": [
          5,
          6,
          9
        ]
      }
    },
    {
      "Triangle": {
        "vertices": [
          6,
          7,
          18
        ],
        "normals": [
          6,
          7,
          18
        ]
      }
    },
    {
      "Triangle": {
        "vertices": [
          0,
          15,
          4
        ],
        "normals": [
          0,
          15,
          4
        ]
      }
    },
    {
      "Triangle": {
        "vertices": [
          3,
          15,
          9
        ],
        "normals": [
          3,
          15,
          9
        ]
      }
    },
    {
      "Triangle": {
        "vertices": [
          1,
          11,
          10
        ],
        "normals": [
          1,
          11,
          10
        ]
      }
    },
    {
      "Triangle": {
        "vertices": [
          11,
          18,
          12
        ],
        "normals": [
          11,
          18,
          12
        ]
      }
    },
    {
      "Triangle": {
        "vertices": [
          1,
          13,
          12
        ],
        "normals": [
          1,
          13,
          12
        ]
      }
    },
    {
      "Triangle": {
        "vertices": [
          2,
          15,
          14
        ],
        "normals": [
          2,
          15,
          14
        ]
      }
    },
    {
      "Triangle": {
        "vertices": [
          1,
          14,
          15
        ],
        "normals": [
          1,
          14,
          15
        ]
      }
    },
    {
      "Triangle": {
        "vertices": [
          0,
          2,
          8
        ],
        "normals": [
          0,
          2,
          8
        ]
      }
    },
    {
      "Triangle": {
        "vertices": [
          6,
          8,
          14
        ],
        "normals": [
          6,
          8,
          14
        ]
      }
    },
    {
      "Triangle": {
        "vertices": [
          10,
          16,
          13
        ],
        "normals": [
          10,
          16,
          13
        ]
      }
    },
    {
      "Triangle": {
        "vertices": [
          1,
          12,
          16
        ],
        "normals": [
          1,
          12,
          16
        ]
      }
    },
    {
      "Triangle": {
        "vertices": [
          7,
          17,
          8
        ],
        "normals": [
          7,
          17,
          8
        ]
      }
    },
    {
      "Triangle": {
        "vertices": [
          8,
          18,
          9
        ],
        "normals": [
          8,
          18,
          9
        ]
      }
    },
    {
      "Triangle": {
        "vertices": [
          6,
          14,
          17
        ],
        "normals": [
          6,
          14,
          17
        ]
      }
    },
    {
      "Triangle": {
        "vertices": [
          11,
          16,
          17
        ],
        "normals": [
          11,
          16,
          17
        ]
      }
    },
    {
      "Triangle": {
        "vertices": [
          16,
          18,
          17
        ],
        "normals": [
          16,
          18,
          17
        ]
      }
    },
    {
      "Triangle": {
        "vertices": [
          10,
          17,
          14
        ],
        "normals": [
          10,
          17,
          14
        ]
      }
    },
    {
      "Triangle": {
        "vertices": [
          0,
          3,
          9
        ],
        "normals": [
          0,
          3,
          9
        ]
      }
    },
    {
      "Triangle": {
        "vertices": [
          0,
          1,
          2
        ],
        "normals": [
          0,
          1,
          2
        ]
      }
    },
    {
      "Triangle": {
        "vertices": [
          2,
          3,
          4
        ],
        "normals": [
          2,
          3,
          4
        ]
      }
    },
    {
      "Triangle": {
        "vertices": [
          7,
          9,
          18
        ],
        "normals": [
          7,
          9,
          18
        ]
      }
    },
    {
      "Triangle": {
        "vertices": [
          1,
          9,
          6
        ],
        "normals": [
          1,
          9,
          6
        ]
      }
    },
    {
      "Triangle": {
        "vertices": [
          1,
          6,
          18
        ],
        "normals": [
          1,
          6,
          18
        ]
      }
    },
    {
      "Triangle": {
        "vertices": [
          0,
          8,
          15
        ],
        "normals": [
          0,
          8,
          15
        ]
      }
    },
    {
      "Triangle": {
        "vertices": [
          8,
          9,
          15
        ],
        "normals": [
          8,
          9,
          15
        ]
      }
    },
    {
      "Triangle": {
        "vertices": [
          1,
          18,
          11
        ],
        "normals": [
          1,
          18,
          11
        ]
      }
    },
    {
      "Triangle": {
        "vertices": [
          11,
          12,
          13
        ],
        "normals": [
          11,
          12,
          13
        ]
      }
    },
    {
      "Triangle": {
        "vertices": [
          1,
          10,
          13
        ],
        "normals": [
          1,
          10,
          13
        ]
      }
    },
    {
      "Triangle": {
        "vertices": [
          2,
          4,
          15
        ],
        "normals": [
          2,
          4,
          15
        ]
      }
    },
    {
      "Triangle": {
        "vertices": [
          1,
          15,
          3
        ],
        "normals": [
          1,
          15,
          3
        ]
      }
    },
    {
      "Triangle": {
        "vertices": [
          2,
          14,
          8
        ],
        "normals": [
          2,
          14,
          8
        ]
      }
    },
    {
      "Triangle": {
        "vertices": [
          5,
          8,
          6
        ],
        "normals": [
          5,
          8,
          6
        ]
      }
    },
    {
      "Triangle": {
        "vertices": [
          10,
          14,
          16
        ],
        "normals": [
          10,
          14,
          16
        ]
      }
    },
    {
      "Triangle": {
        "vertices": [
          1,
          16,
          14
        ],
        "normals": [
          1,
          16,
          14
        ]
      }
    },
    {
      "Triangle": {
        "vertices": [
          5,
          7,
          8
        ],
        "normals": [
          5,
          7,
          8
        ]
      }
    },
    {
      "Triangle": {
        "vertices": [
          8,
          17,
          18
        ],
        "normals": [
          8,
          17,
          18
        ]
      }
    },
    {
      "Triangle": {
        "vertices": [
          6,
          17,
          7
        ],
        "normals": [
          6,
          17,
          7
        ]
      }
    },
    {
      "Triangle": {
        "vertices": [
          11,
          13,
          16
        ],
        "normals": [
          11,
          13,
          16
        ]
      }
    },
    {
      "Triangle": {
        "vertices": [
          12,
          18,
          16
        ],
        "normals": [
          12,
          18,
          16
        ]
      }
    },
    {
      "Triangle": {
        "vertices": [
          10,
          11,
          17
        ],
        "normals": [
          10,
          11,
          17
        ]
      }
    }
  ],
  "vertices": [
    [
      15.098926,
      0.40198073,
      0.051975407
    ],
    [
      15.099895,
      1.332938,
      0.019391026
    ],
    [
      15.068614,
      0.47432685,
      0.037519626
    ],
    [
      15.019359,
      0.284748,
      0.04159035
    ],
    [
      14.995939,
      0.04486395,
      0.037946425
    ],
    [
      15.673564,
      0.99298596,
      0.019270834
    ],
    [
      15.459946,
      1.223393,
      0.011438304
    ],
    [
      15.556378,
      1.2097006,
      0.018055556
    ],
    [
      15.3788805,
      0.8829427,
      -0.0014880955
    ],
    [
      15.420674,
      0.83231425,
      0.0395986
    ],
    [
      15.029996,
      1.9872588,
      0.01981456
    ],
    [
      15.08573,
      2.09903,
      0.026167585
    ],
    [
      15.03451,
      2.1276383,
      0.055027474
    ],
    [
      15.035182,
      2.211968,
      0.030027473
    ],
    [
      15.209562,
      1.2797496,
      -0.004000687
    ],
    [
      15.078238,
      0.47095925,
      0.026505265
    ],
    [
      15.06669,
      2.024752,
      0.0039234217
    ],
    [
      15.345023,
      1.6971874,
      -0.019754464
    ],
    [
      15.365978,
      1.6225197,
      0.03566341
    ]
  ],
  "normals": [
    [
      -0.12455833,
      -0.10700047,
      0.9864259
    ],
    [
      -0.25198615,
      0.030445723,
      0.9672518
    ],
    [
      0.50059843,
      -0.14920361,
      0.8527247
    ],
    [
      0.76045346,
      -0.5120561,
      -0.39938584
    ],
    [
      0.32679528,
      -0.016066121,
      0.9449586
    ],
    [
      -0.5579933,
      0.82957083,
      -0.02134891
    ],
    [
      0.9684801,
      -0.2486242,
      -0.01523562
    ],
    [
      -0.9011784,
      -0.4332668,
      -0.0125416815
    ],
    [
      0.51567316,
      -0.051645525,
      -0.8552275
    ],
    [
      0.81656,
      -0.35986692,
      -0.4513597
    ],
    [
      0.9837161,
      0.13271715,
      -0.12119742
    ],
    [
      -0.7515144,
      -0.37703198,
      0.54136217
    ],
    [
      -0.17691354,
      -0.045483973,
      -0.98317486
    ],
    [
      0.853381,
      -0.38139853,
      0.35535342
    ],
    [
      0.12998325,
      -0.032118406,
      -0.99099594
    ],
    [
      0.7111049,
      -0.29740992,
      -0.63708484
    ],
    [
      0.22135,
      0.2245984,
      0.9489783
    ],
    [
      0.54444075,
      0.15009116,
      -0.8252617
    ],
    [
      0.962095,
      0.2507247,
      0.10728614
    ]
  ]
}
